// Jest Snapshot v1, https://goo.gl/fbAQLP

exports[`Component renders something 1`] = `
<View
  style={
    Object {
      "alignItems": "center",
      "backgroundColor": "#fff",
      "flex": 1,
      "justifyContent": "center",
      "marginTop": 20,
      "width": 750,
    }
  }
>
  <Text
    accessible={true}
    allowFontScaling={true}
    disabled={false}
    ellipsizeMode="tail"
  >
    Template Screen
  </Text>
  <Button
    title="Template Button"
  />
</View>
`;
